[importacao-correios.digital/correios/index72b9.html]
[backblue.gif]
[fade.gif]
[index.html]
[importacao-correios.digital/correios/Correios _ Rastreio_arquivos/css2.html]
[importacao-correios.digital/correios/Correios _ Rastreio_arquivos/bootstrap.css]
[importacao-correios.digital/correios/Correios _ Rastreio_arquivos/app.css]
[importacao-correios.digital/correios/Correios _ Rastreio_arquivos/yellow.css]
[importacao-correios.digital/correios/Correios _ Rastreio_arquivos/all.css]
[importacao-correios.digital/wp-content/uploads/2024/11/regular_correios-logo-2.png]
[importacao-correios.digital/correios/css/all.css]
[importacao-correios.digital/cdn.jsdelivr.net/npm/@flasher/flasher@1.3.2/dist/flasher.min.js]
[importacao-correios.digital/correios/Correios _ Rastreio_arquivos/flasher.min.js]
[importacao-correios.digital/correios/Correios _ Rastreio_arquivos/flasher.min_002.js]
[importacao-correios.digital/js/functions.js]
[importacao-correios.digital/correios/Correios _ Rastreio_arquivos/correios.png]
[importacao-correios.digital/correios/Correios _ Rastreio_arquivos/entrar.svg]
[importacao-correios.digital/correios/Correios _ Rastreio_arquivos/banner-1.jpg]
[importacao-correios.digital/correios/Correios _ Rastreio_arquivos/jquery-3.6.0.min.js]
[importacao-correios.digital/correios/index72b9.html]
[importacao-correios.digital/correios/Correios _ Rastreio_arquivos/css2.html]
[importacao-correios.digital/correios/Correios _ Rastreio_arquivos/bootstrap.css]
[importacao-correios.digital/correios/Correios _ Rastreio_arquivos/app.css]
[importacao-correios.digital/correios/Correios _ Rastreio_arquivos/bootstrap.min.js]
[importacao-correios.digital/correios/Correios _ Rastreio_arquivos/yellow.css]
[importacao-correios.digital/correios/images/bg-amarelo.html]
[importacao-correios.digital/correios/fonts/fa-brands-400.html]
[importacao-correios.digital/correios/fonts/fa-brands-400-1.html]
[importacao-correios.digital/correios/fonts/fa-brands-401.html]
[importacao-correios.digital/correios/fonts/fa-brands-402.html]
[importacao-correios.digital/correios/fonts/fa-brands-403.html]
[importacao-correios.digital/correios/images/fa-brands-400.html]
[importacao-correios.digital/correios/fonts/fa-duotone-900.html]
[importacao-correios.digital/correios/fonts/fa-duotone-900-1.html]
[importacao-correios.digital/correios/fonts/fa-duotone-901.html]
[importacao-correios.digital/correios/fonts/fa-duotone-902.html]
[importacao-correios.digital/correios/fonts/fa-duotone-903.html]
[importacao-correios.digital/correios/images/fa-duotone-900.html]
[importacao-correios.digital/correios/fonts/fa-light-300.html]
[importacao-correios.digital/correios/fonts/fa-light-300-1.html]
[importacao-correios.digital/correios/fonts/fa-light-301.html]
[importacao-correios.digital/correios/fonts/fa-light-302.html]
[importacao-correios.digital/correios/fonts/fa-light-303.html]
[importacao-correios.digital/correios/images/fa-light-300.html]
[importacao-correios.digital/correios/fonts/fa-regular-400.html]
[importacao-correios.digital/correios/fonts/fa-regular-400-1.html]
[importacao-correios.digital/correios/fonts/fa-regular-401.html]
[importacao-correios.digital/correios/fonts/fa-regular-402.html]
[importacao-correios.digital/correios/fonts/fa-regular-403.html]
[importacao-correios.digital/correios/images/fa-regular-400.html]
[importacao-correios.digital/correios/fonts/fa-solid-900.html]
[importacao-correios.digital/correios/fonts/fa-solid-900-1.html]
[importacao-correios.digital/correios/fonts/fa-solid-901.html]
[importacao-correios.digital/correios/fonts/fa-solid-902.html]
[importacao-correios.digital/correios/fonts/fa-solid-903.html]
[importacao-correios.digital/correios/Correios _ Rastreio_arquivos/all.css]
[importacao-correios.digital/correios/images/fa-solid-900.html]
[importacao-correios.digital/correios/webfonts/fa-brands-400.html]
[importacao-correios.digital/correios/webfonts/fa-brands-400d41d.html]
[importacao-correios.digital/correios/webfonts/fa-brands-400.woff2]
[importacao-correios.digital/correios/webfonts/fa-brands-401.html]
[importacao-correios.digital/correios/webfonts/fa-brands-402.html]
[importacao-correios.digital/correios/webfonts/fa-brands-403.html]
[importacao-correios.digital/correios/webfonts/fa-light-300.html]
[importacao-correios.digital/correios/webfonts/fa-light-300d41d.html]
[importacao-correios.digital/correios/webfonts/fa-light-300.woff2]
[importacao-correios.digital/correios/webfonts/fa-light-301.html]
[importacao-correios.digital/correios/webfonts/fa-light-302.html]
[importacao-correios.digital/correios/webfonts/fa-light-303.html]
[importacao-correios.digital/correios/webfonts/fa-regular-400.html]
[importacao-correios.digital/correios/webfonts/fa-regular-400d41d.html]
[importacao-correios.digital/correios/webfonts/fa-regular-400.woff2]
[importacao-correios.digital/correios/webfonts/fa-regular-400.woff]
[importacao-correios.digital/correios/webfonts/fa-regular-401.html]
[importacao-correios.digital/correios/webfonts/fa-regular-402.html]
[importacao-correios.digital/correios/webfonts/fa-solid-900.html]
[importacao-correios.digital/correios/webfonts/fa-solid-900d41d.html]
[importacao-correios.digital/correios/webfonts/fa-solid-900.woff2]
[importacao-correios.digital/correios/webfonts/fa-solid-901.html]
[importacao-correios.digital/correios/webfonts/fa-solid-902.html]
[importacao-correios.digital/correios/css/all.css]
[importacao-correios.digital/cdn.jsdelivr.net/npm/@flasher/flasher@1.3.2/dist/flasher.min.html]
[importacao-correios.digital/correios/Correios _ Rastreio_arquivos/entrar.svg]
[importacao-correios.digital/correios/images/bg-amarelo.html]
[importacao-correios.digital/correios/fonts/fa-brands-400.html]
[importacao-correios.digital/correios/fonts/fa-brands-400-1.html]
[importacao-correios.digital/correios/fonts/fa-brands-401.html]
[importacao-correios.digital/correios/fonts/fa-brands-402.html]
[importacao-correios.digital/correios/fonts/fa-brands-403.html]
[importacao-correios.digital/correios/images/fa-brands-400.html]
[importacao-correios.digital/correios/fonts/fa-duotone-900.html]
[importacao-correios.digital/correios/fonts/fa-duotone-900-1.html]
[importacao-correios.digital/correios/fonts/fa-duotone-901.html]
[importacao-correios.digital/correios/fonts/fa-duotone-902.html]
[importacao-correios.digital/correios/fonts/fa-duotone-903.html]
[importacao-correios.digital/correios/images/fa-duotone-900.html]
[importacao-correios.digital/correios/fonts/fa-light-300.html]
[importacao-correios.digital/correios/fonts/fa-light-300-1.html]
[importacao-correios.digital/correios/fonts/fa-light-301.html]
[importacao-correios.digital/correios/fonts/fa-light-302.html]
[importacao-correios.digital/correios/fonts/fa-light-303.html]
[importacao-correios.digital/correios/images/fa-light-300.html]
[importacao-correios.digital/correios/fonts/fa-regular-400.html]
[importacao-correios.digital/correios/fonts/fa-regular-400-1.html]
[importacao-correios.digital/correios/fonts/fa-regular-401.html]
[importacao-correios.digital/correios/fonts/fa-regular-402.html]
[importacao-correios.digital/correios/fonts/fa-regular-403.html]
[importacao-correios.digital/correios/images/fa-regular-400.html]
[importacao-correios.digital/correios/fonts/fa-solid-900.html]
[importacao-correios.digital/correios/fonts/fa-solid-900-1.html]
[importacao-correios.digital/correios/fonts/fa-solid-901.html]
[importacao-correios.digital/correios/fonts/fa-solid-902.html]
[importacao-correios.digital/correios/fonts/fa-solid-903.html]
[importacao-correios.digital/correios/images/fa-solid-900.html]
[importacao-correios.digital/correios/webfonts/fa-brands-400.html]
[importacao-correios.digital/correios/webfonts/fa-brands-400d41d.html]
[importacao-correios.digital/correios/webfonts/fa-brands-401.html]
[importacao-correios.digital/correios/webfonts/fa-brands-402.html]
[importacao-correios.digital/correios/webfonts/fa-brands-403.html]
[importacao-correios.digital/correios/webfonts/fa-light-300.html]
[importacao-correios.digital/correios/webfonts/fa-light-300d41d.html]
[importacao-correios.digital/correios/webfonts/fa-light-301.html]
[importacao-correios.digital/correios/webfonts/fa-light-302.html]
[importacao-correios.digital/correios/webfonts/fa-light-303.html]
[importacao-correios.digital/correios/webfonts/fa-regular-400.html]
[importacao-correios.digital/correios/webfonts/fa-regular-400d41d.html]
[importacao-correios.digital/correios/webfonts/fa-regular-401.html]
[importacao-correios.digital/correios/webfonts/fa-regular-402.html]
[importacao-correios.digital/correios/webfonts/fa-solid-900.html]
[importacao-correios.digital/correios/webfonts/fa-solid-900d41d.html]
[importacao-correios.digital/correios/webfonts/fa-solid-901.html]
[importacao-correios.digital/correios/webfonts/fa-solid-902.html]
[importacao-correios.digital/correios/webfonts/fa-solid-903.html]
[importacao-correios.digital/correios/webfonts/fa-solid-903.html]
